[2025-11-19T11:38:51.062+0000] {local_task_job_runner.py:120} INFO - ::group::Pre task execution logs
[2025-11-19T11:38:51.107+0000] {taskinstance.py:2076} INFO - Dependencies all met for dep_context=non-requeueable deps ti=<TaskInstance: predictive_pipeline_xgb.prepare_data manual__2025-11-19T11:38:39.449181+00:00 [queued]>
[2025-11-19T11:38:51.130+0000] {taskinstance.py:2076} INFO - Dependencies all met for dep_context=requeueable deps ti=<TaskInstance: predictive_pipeline_xgb.prepare_data manual__2025-11-19T11:38:39.449181+00:00 [queued]>
[2025-11-19T11:38:51.131+0000] {taskinstance.py:2306} INFO - Starting attempt 1 of 3
[2025-11-19T11:38:51.185+0000] {taskinstance.py:2330} INFO - Executing <Task(PythonOperator): prepare_data> on 2025-11-19 11:38:39.449181+00:00
[2025-11-19T11:38:51.198+0000] {logging_mixin.py:188} WARNING - /home/airflow/.local/lib/python3.12/site-packages/airflow/task/task_runner/standard_task_runner.py:61 DeprecationWarning: This process (pid=100) is multi-threaded, use of fork() may lead to deadlocks in the child.
[2025-11-19T11:38:51.199+0000] {standard_task_runner.py:63} INFO - Started process 117 to run task
[2025-11-19T11:38:51.198+0000] {standard_task_runner.py:90} INFO - Running: ['airflow', 'tasks', 'run', 'predictive_pipeline_xgb', 'prepare_data', 'manual__2025-11-19T11:38:39.449181+00:00', '--job-id', '15', '--raw', '--subdir', 'DAGS_FOLDER/predictive_pipeline_dag.py', '--cfg-path', '/tmp/tmpbfso0qci']
[2025-11-19T11:38:51.201+0000] {standard_task_runner.py:91} INFO - Job 15: Subtask prepare_data
[2025-11-19T11:38:51.343+0000] {task_command.py:426} INFO - Running <TaskInstance: predictive_pipeline_xgb.prepare_data manual__2025-11-19T11:38:39.449181+00:00 [running]> on host bc51049db06f
[2025-11-19T11:38:51.547+0000] {taskinstance.py:2648} INFO - Exporting env vars: AIRFLOW_CTX_DAG_OWNER='ml_team' AIRFLOW_CTX_DAG_ID='predictive_pipeline_xgb' AIRFLOW_CTX_TASK_ID='prepare_data' AIRFLOW_CTX_EXECUTION_DATE='2025-11-19T11:38:39.449181+00:00' AIRFLOW_CTX_TRY_NUMBER='1' AIRFLOW_CTX_DAG_RUN_ID='manual__2025-11-19T11:38:39.449181+00:00'
[2025-11-19T11:38:51.548+0000] {taskinstance.py:430} INFO - ::endgroup::
[2025-11-19T11:41:51.187+0000] {taskinstance.py:441} INFO - ::group::Post task execution logs
[2025-11-19T11:41:51.189+0000] {taskinstance.py:2905} ERROR - Task failed with exception
Traceback (most recent call last):
  File "/home/airflow/.local/lib/python3.12/site-packages/airflow/models/taskinstance.py", line 465, in _execute_task
    result = _execute_callable(context=context, **execute_callable_kwargs)
             ^^^^^^^^^^^^^^^^^^^^^^^^^^^^^^^^^^^^^^^^^^^^^^^^^^^^^^^^^^^^^
  File "/home/airflow/.local/lib/python3.12/site-packages/airflow/models/taskinstance.py", line 432, in _execute_callable
    return execute_callable(context=context, **execute_callable_kwargs)
           ^^^^^^^^^^^^^^^^^^^^^^^^^^^^^^^^^^^^^^^^^^^^^^^^^^^^^^^^^^^^
  File "/home/airflow/.local/lib/python3.12/site-packages/airflow/models/baseoperator.py", line 400, in wrapper
    return func(self, *args, **kwargs)
           ^^^^^^^^^^^^^^^^^^^^^^^^^^^
  File "/home/airflow/.local/lib/python3.12/site-packages/airflow/operators/python.py", line 235, in execute
    return_value = self.execute_callable()
                   ^^^^^^^^^^^^^^^^^^^^^^^
  File "/home/airflow/.local/lib/python3.12/site-packages/airflow/operators/python.py", line 252, in execute_callable
    return self.python_callable(*self.op_args, **self.op_kwargs)
           ^^^^^^^^^^^^^^^^^^^^^^^^^^^^^^^^^^^^^^^^^^^^^^^^^^^^^
  File "/opt/airflow/scripts/data_preparation.py", line 172, in prepare_data
    df_out.to_parquet(f"{proc_dir}/features.parquet")
  File "/home/airflow/.local/lib/python3.12/site-packages/pandas/core/frame.py", line 2970, in to_parquet
    return to_parquet(
           ^^^^^^^^^^^
  File "/home/airflow/.local/lib/python3.12/site-packages/pandas/io/parquet.py", line 483, in to_parquet
    impl.write(
  File "/home/airflow/.local/lib/python3.12/site-packages/pandas/io/parquet.py", line 189, in write
    table = self.api.Table.from_pandas(df, **from_pandas_kwargs)
            ^^^^^^^^^^^^^^^^^^^^^^^^^^^^^^^^^^^^^^^^^^^^^^^^^^^^
  File "pyarrow/table.pxi", line 4525, in pyarrow.lib.Table.from_pandas
  File "/home/airflow/.local/lib/python3.12/site-packages/pyarrow/pandas_compat.py", line 570, in dataframe_to_arrays
    convert_fields) = _get_columns_to_convert(df, schema, preserve_index,
                      ^^^^^^^^^^^^^^^^^^^^^^^^^^^^^^^^^^^^^^^^^^^^^^^^^^^
  File "/home/airflow/.local/lib/python3.12/site-packages/pyarrow/pandas_compat.py", line 374, in _get_columns_to_convert
    raise TypeError(
TypeError: Sparse pandas data (column 0) not supported.
[2025-11-19T11:41:51.256+0000] {taskinstance.py:1206} INFO - Marking task as UP_FOR_RETRY. dag_id=predictive_pipeline_xgb, task_id=prepare_data, run_id=manual__2025-11-19T11:38:39.449181+00:00, execution_date=20251119T113839, start_date=20251119T113851, end_date=20251119T114151
[2025-11-19T11:41:51.316+0000] {standard_task_runner.py:110} ERROR - Failed to execute job 15 for task prepare_data (Sparse pandas data (column 0) not supported.; 117)
[2025-11-19T11:41:51.534+0000] {local_task_job_runner.py:240} INFO - Task exited with return code 1
[2025-11-19T11:41:51.587+0000] {taskinstance.py:3498} INFO - 0 downstream tasks scheduled from follow-on schedule check
[2025-11-19T11:41:51.591+0000] {local_task_job_runner.py:222} INFO - ::endgroup::
