[2025-11-20T18:55:41.415+0000] {local_task_job_runner.py:120} INFO - ::group::Pre task execution logs
[2025-11-20T18:55:41.456+0000] {taskinstance.py:2076} INFO - Dependencies all met for dep_context=non-requeueable deps ti=<TaskInstance: predictive_pipeline_xgb.predict_next_week manual__2025-11-20T18:50:32.569590+00:00 [queued]>
[2025-11-20T18:55:41.473+0000] {taskinstance.py:2076} INFO - Dependencies all met for dep_context=requeueable deps ti=<TaskInstance: predictive_pipeline_xgb.predict_next_week manual__2025-11-20T18:50:32.569590+00:00 [queued]>
[2025-11-20T18:55:41.474+0000] {taskinstance.py:2306} INFO - Starting attempt 1 of 3
[2025-11-20T18:55:41.504+0000] {taskinstance.py:2330} INFO - Executing <Task(PythonOperator): predict_next_week> on 2025-11-20 18:50:32.569590+00:00
[2025-11-20T18:55:41.520+0000] {logging_mixin.py:188} WARNING - /home/airflow/.local/lib/python3.12/site-packages/airflow/task/task_runner/standard_task_runner.py:61 DeprecationWarning: This process (pid=212) is multi-threaded, use of fork() may lead to deadlocks in the child.
[2025-11-20T18:55:41.519+0000] {standard_task_runner.py:90} INFO - Running: ['airflow', 'tasks', 'run', 'predictive_pipeline_xgb', 'predict_next_week', 'manual__2025-11-20T18:50:32.569590+00:00', '--job-id', '57', '--raw', '--subdir', 'DAGS_FOLDER/predictive_pipeline_dag.py', '--cfg-path', '/tmp/tmpiq_saz8l']
[2025-11-20T18:55:41.523+0000] {standard_task_runner.py:63} INFO - Started process 229 to run task
[2025-11-20T18:55:41.523+0000] {standard_task_runner.py:91} INFO - Job 57: Subtask predict_next_week
[2025-11-20T18:55:41.603+0000] {task_command.py:426} INFO - Running <TaskInstance: predictive_pipeline_xgb.predict_next_week manual__2025-11-20T18:50:32.569590+00:00 [running]> on host db89d4896e29
[2025-11-20T18:55:41.720+0000] {taskinstance.py:2648} INFO - Exporting env vars: AIRFLOW_CTX_DAG_OWNER='ml_team' AIRFLOW_CTX_DAG_ID='predictive_pipeline_xgb' AIRFLOW_CTX_TASK_ID='predict_next_week' AIRFLOW_CTX_EXECUTION_DATE='2025-11-20T18:50:32.569590+00:00' AIRFLOW_CTX_TRY_NUMBER='1' AIRFLOW_CTX_DAG_RUN_ID='manual__2025-11-20T18:50:32.569590+00:00'
[2025-11-20T18:55:41.721+0000] {taskinstance.py:430} INFO - ::endgroup::
[2025-11-20T18:55:43.379+0000] {logging_mixin.py:188} WARNING - /usr/local/lib/python3.12/pickle.py:1710 UserWarning: [18:55:43] WARNING: /workspace/src/collective/../data/../common/error_msg.h:83: If you are loading a serialized model (like pickle in Python, RDS in R) or
configuration generated by an older version of XGBoost, please export the model by calling
`Booster.save_model` from that version first, then load it back in current version. See:

    https://xgboost.readthedocs.io/en/stable/tutorials/saving_model.html

for more details about differences between saving model and serializing.
[2025-11-20T18:55:44.045+0000] {python.py:237} INFO - Done. Returned value was: None
[2025-11-20T18:55:44.046+0000] {taskinstance.py:441} INFO - ::group::Post task execution logs
[2025-11-20T18:55:44.056+0000] {taskinstance.py:1206} INFO - Marking task as SUCCESS. dag_id=predictive_pipeline_xgb, task_id=predict_next_week, run_id=manual__2025-11-20T18:50:32.569590+00:00, execution_date=20251120T185032, start_date=20251120T185541, end_date=20251120T185544
[2025-11-20T18:55:44.203+0000] {local_task_job_runner.py:240} INFO - Task exited with return code 0
[2025-11-20T18:55:44.220+0000] {taskinstance.py:3498} INFO - 0 downstream tasks scheduled from follow-on schedule check
[2025-11-20T18:55:44.221+0000] {local_task_job_runner.py:222} INFO - ::endgroup::
