[2025-11-18T00:00:16.148+0000] {processor.py:161} INFO - Started process (PID=934) to work on /opt/airflow/dags/predictive_pipeline_dag.py
[2025-11-18T00:00:16.150+0000] {processor.py:830} INFO - Processing file /opt/airflow/dags/predictive_pipeline_dag.py for tasks to queue
[2025-11-18T00:00:16.155+0000] {logging_mixin.py:188} INFO - [2025-11-18T00:00:16.154+0000] {dagbag.py:545} INFO - Filling up the DagBag from /opt/airflow/dags/predictive_pipeline_dag.py
[2025-11-18T00:00:18.583+0000] {logging_mixin.py:188} WARNING - /home/airflow/.local/lib/python3.12/site-packages/mlflow/tracking/_tracking_service/utils.py:140 FutureWarning: Filesystem tracking backend (e.g., './mlruns') is deprecated. Please switch to a database backend (e.g., 'sqlite:///mlflow.db'). For feedback, see: https://github.com/mlflow/mlflow/issues/18534
[2025-11-18T00:00:19.407+0000] {processor.py:840} INFO - DAG(s) 'predictive_pipeline_xgb' retrieved from /opt/airflow/dags/predictive_pipeline_dag.py
[2025-11-18T00:00:19.567+0000] {logging_mixin.py:188} INFO - [2025-11-18T00:00:19.566+0000] {dag.py:3096} INFO - Sync 1 DAGs
[2025-11-18T00:00:19.594+0000] {logging_mixin.py:188} INFO - [2025-11-18T00:00:19.593+0000] {dag.py:3954} INFO - Setting next_dagrun for predictive_pipeline_xgb to 2025-11-23 00:00:00+00:00, run_after=2025-11-30 00:00:00+00:00
[2025-11-18T00:00:19.691+0000] {processor.py:183} INFO - Processing /opt/airflow/dags/predictive_pipeline_dag.py took 3.557 seconds
[2025-11-18T00:00:50.660+0000] {processor.py:161} INFO - Started process (PID=944) to work on /opt/airflow/dags/predictive_pipeline_dag.py
[2025-11-18T00:00:50.664+0000] {processor.py:830} INFO - Processing file /opt/airflow/dags/predictive_pipeline_dag.py for tasks to queue
[2025-11-18T00:00:50.671+0000] {logging_mixin.py:188} INFO - [2025-11-18T00:00:50.669+0000] {dagbag.py:545} INFO - Filling up the DagBag from /opt/airflow/dags/predictive_pipeline_dag.py
[2025-11-18T00:00:53.440+0000] {logging_mixin.py:188} WARNING - /home/airflow/.local/lib/python3.12/site-packages/mlflow/tracking/_tracking_service/utils.py:140 FutureWarning: Filesystem tracking backend (e.g., './mlruns') is deprecated. Please switch to a database backend (e.g., 'sqlite:///mlflow.db'). For feedback, see: https://github.com/mlflow/mlflow/issues/18534
[2025-11-18T00:00:54.888+0000] {processor.py:840} INFO - DAG(s) 'predictive_pipeline_xgb' retrieved from /opt/airflow/dags/predictive_pipeline_dag.py
[2025-11-18T00:00:55.093+0000] {logging_mixin.py:188} INFO - [2025-11-18T00:00:55.092+0000] {dag.py:3096} INFO - Sync 1 DAGs
[2025-11-18T00:00:55.129+0000] {logging_mixin.py:188} INFO - [2025-11-18T00:00:55.129+0000] {dag.py:3954} INFO - Setting next_dagrun for predictive_pipeline_xgb to 2025-11-23 00:00:00+00:00, run_after=2025-11-30 00:00:00+00:00
[2025-11-18T00:00:55.230+0000] {processor.py:183} INFO - Processing /opt/airflow/dags/predictive_pipeline_dag.py took 4.601 seconds
[2025-11-18T00:01:26.379+0000] {processor.py:161} INFO - Started process (PID=954) to work on /opt/airflow/dags/predictive_pipeline_dag.py
[2025-11-18T00:01:26.381+0000] {processor.py:830} INFO - Processing file /opt/airflow/dags/predictive_pipeline_dag.py for tasks to queue
[2025-11-18T00:01:26.386+0000] {logging_mixin.py:188} INFO - [2025-11-18T00:01:26.385+0000] {dagbag.py:545} INFO - Filling up the DagBag from /opt/airflow/dags/predictive_pipeline_dag.py
[2025-11-18T00:01:28.853+0000] {logging_mixin.py:188} WARNING - /home/airflow/.local/lib/python3.12/site-packages/mlflow/tracking/_tracking_service/utils.py:140 FutureWarning: Filesystem tracking backend (e.g., './mlruns') is deprecated. Please switch to a database backend (e.g., 'sqlite:///mlflow.db'). For feedback, see: https://github.com/mlflow/mlflow/issues/18534
[2025-11-18T00:01:29.790+0000] {processor.py:840} INFO - DAG(s) 'predictive_pipeline_xgb' retrieved from /opt/airflow/dags/predictive_pipeline_dag.py
[2025-11-18T00:01:29.827+0000] {logging_mixin.py:188} INFO - [2025-11-18T00:01:29.827+0000] {dag.py:3096} INFO - Sync 1 DAGs
[2025-11-18T00:01:29.857+0000] {logging_mixin.py:188} INFO - [2025-11-18T00:01:29.857+0000] {dag.py:3954} INFO - Setting next_dagrun for predictive_pipeline_xgb to 2025-11-23 00:00:00+00:00, run_after=2025-11-30 00:00:00+00:00
[2025-11-18T00:01:29.950+0000] {processor.py:183} INFO - Processing /opt/airflow/dags/predictive_pipeline_dag.py took 3.592 seconds
[2025-11-18T00:02:00.296+0000] {processor.py:161} INFO - Started process (PID=964) to work on /opt/airflow/dags/predictive_pipeline_dag.py
[2025-11-18T00:02:00.300+0000] {processor.py:830} INFO - Processing file /opt/airflow/dags/predictive_pipeline_dag.py for tasks to queue
[2025-11-18T00:02:00.307+0000] {logging_mixin.py:188} INFO - [2025-11-18T00:02:00.305+0000] {dagbag.py:545} INFO - Filling up the DagBag from /opt/airflow/dags/predictive_pipeline_dag.py
[2025-11-18T00:02:02.818+0000] {logging_mixin.py:188} WARNING - /home/airflow/.local/lib/python3.12/site-packages/mlflow/tracking/_tracking_service/utils.py:140 FutureWarning: Filesystem tracking backend (e.g., './mlruns') is deprecated. Please switch to a database backend (e.g., 'sqlite:///mlflow.db'). For feedback, see: https://github.com/mlflow/mlflow/issues/18534
[2025-11-18T00:02:03.718+0000] {processor.py:840} INFO - DAG(s) 'predictive_pipeline_xgb' retrieved from /opt/airflow/dags/predictive_pipeline_dag.py
[2025-11-18T00:02:03.758+0000] {logging_mixin.py:188} INFO - [2025-11-18T00:02:03.758+0000] {dag.py:3096} INFO - Sync 1 DAGs
[2025-11-18T00:02:03.779+0000] {logging_mixin.py:188} INFO - [2025-11-18T00:02:03.779+0000] {dag.py:3954} INFO - Setting next_dagrun for predictive_pipeline_xgb to 2025-11-23 00:00:00+00:00, run_after=2025-11-30 00:00:00+00:00
[2025-11-18T00:02:03.863+0000] {processor.py:183} INFO - Processing /opt/airflow/dags/predictive_pipeline_dag.py took 3.598 seconds
[2025-11-18T00:02:34.534+0000] {processor.py:161} INFO - Started process (PID=974) to work on /opt/airflow/dags/predictive_pipeline_dag.py
[2025-11-18T00:02:34.539+0000] {processor.py:830} INFO - Processing file /opt/airflow/dags/predictive_pipeline_dag.py for tasks to queue
[2025-11-18T00:02:34.545+0000] {logging_mixin.py:188} INFO - [2025-11-18T00:02:34.544+0000] {dagbag.py:545} INFO - Filling up the DagBag from /opt/airflow/dags/predictive_pipeline_dag.py
[2025-11-18T00:02:37.171+0000] {logging_mixin.py:188} WARNING - /home/airflow/.local/lib/python3.12/site-packages/mlflow/tracking/_tracking_service/utils.py:140 FutureWarning: Filesystem tracking backend (e.g., './mlruns') is deprecated. Please switch to a database backend (e.g., 'sqlite:///mlflow.db'). For feedback, see: https://github.com/mlflow/mlflow/issues/18534
[2025-11-18T00:02:38.107+0000] {processor.py:840} INFO - DAG(s) 'predictive_pipeline_xgb' retrieved from /opt/airflow/dags/predictive_pipeline_dag.py
[2025-11-18T00:02:38.139+0000] {logging_mixin.py:188} INFO - [2025-11-18T00:02:38.138+0000] {dag.py:3096} INFO - Sync 1 DAGs
[2025-11-18T00:02:38.168+0000] {logging_mixin.py:188} INFO - [2025-11-18T00:02:38.168+0000] {dag.py:3954} INFO - Setting next_dagrun for predictive_pipeline_xgb to 2025-11-23 00:00:00+00:00, run_after=2025-11-30 00:00:00+00:00
[2025-11-18T00:02:38.251+0000] {processor.py:183} INFO - Processing /opt/airflow/dags/predictive_pipeline_dag.py took 3.754 seconds
[2025-11-18T00:03:08.665+0000] {processor.py:161} INFO - Started process (PID=984) to work on /opt/airflow/dags/predictive_pipeline_dag.py
[2025-11-18T00:03:08.667+0000] {processor.py:830} INFO - Processing file /opt/airflow/dags/predictive_pipeline_dag.py for tasks to queue
[2025-11-18T00:03:08.671+0000] {logging_mixin.py:188} INFO - [2025-11-18T00:03:08.670+0000] {dagbag.py:545} INFO - Filling up the DagBag from /opt/airflow/dags/predictive_pipeline_dag.py
[2025-11-18T00:03:10.663+0000] {logging_mixin.py:188} WARNING - /home/airflow/.local/lib/python3.12/site-packages/mlflow/tracking/_tracking_service/utils.py:140 FutureWarning: Filesystem tracking backend (e.g., './mlruns') is deprecated. Please switch to a database backend (e.g., 'sqlite:///mlflow.db'). For feedback, see: https://github.com/mlflow/mlflow/issues/18534
[2025-11-18T00:03:11.517+0000] {processor.py:840} INFO - DAG(s) 'predictive_pipeline_xgb' retrieved from /opt/airflow/dags/predictive_pipeline_dag.py
[2025-11-18T00:03:11.541+0000] {logging_mixin.py:188} INFO - [2025-11-18T00:03:11.540+0000] {dag.py:3096} INFO - Sync 1 DAGs
[2025-11-18T00:03:11.563+0000] {logging_mixin.py:188} INFO - [2025-11-18T00:03:11.562+0000] {dag.py:3954} INFO - Setting next_dagrun for predictive_pipeline_xgb to 2025-11-23 00:00:00+00:00, run_after=2025-11-30 00:00:00+00:00
[2025-11-18T00:03:11.641+0000] {processor.py:183} INFO - Processing /opt/airflow/dags/predictive_pipeline_dag.py took 2.996 seconds
[2025-11-18T00:03:41.896+0000] {processor.py:161} INFO - Started process (PID=994) to work on /opt/airflow/dags/predictive_pipeline_dag.py
[2025-11-18T00:03:41.900+0000] {processor.py:830} INFO - Processing file /opt/airflow/dags/predictive_pipeline_dag.py for tasks to queue
[2025-11-18T00:03:41.906+0000] {logging_mixin.py:188} INFO - [2025-11-18T00:03:41.905+0000] {dagbag.py:545} INFO - Filling up the DagBag from /opt/airflow/dags/predictive_pipeline_dag.py
[2025-11-18T00:03:44.480+0000] {logging_mixin.py:188} WARNING - /home/airflow/.local/lib/python3.12/site-packages/mlflow/tracking/_tracking_service/utils.py:140 FutureWarning: Filesystem tracking backend (e.g., './mlruns') is deprecated. Please switch to a database backend (e.g., 'sqlite:///mlflow.db'). For feedback, see: https://github.com/mlflow/mlflow/issues/18534
[2025-11-18T00:03:45.478+0000] {processor.py:840} INFO - DAG(s) 'predictive_pipeline_xgb' retrieved from /opt/airflow/dags/predictive_pipeline_dag.py
[2025-11-18T00:03:45.515+0000] {logging_mixin.py:188} INFO - [2025-11-18T00:03:45.515+0000] {dag.py:3096} INFO - Sync 1 DAGs
[2025-11-18T00:03:45.549+0000] {logging_mixin.py:188} INFO - [2025-11-18T00:03:45.549+0000] {dag.py:3954} INFO - Setting next_dagrun for predictive_pipeline_xgb to 2025-11-23 00:00:00+00:00, run_after=2025-11-30 00:00:00+00:00
[2025-11-18T00:03:45.650+0000] {processor.py:183} INFO - Processing /opt/airflow/dags/predictive_pipeline_dag.py took 3.782 seconds
[2025-11-18T00:04:15.940+0000] {processor.py:161} INFO - Started process (PID=1004) to work on /opt/airflow/dags/predictive_pipeline_dag.py
[2025-11-18T00:04:15.944+0000] {processor.py:830} INFO - Processing file /opt/airflow/dags/predictive_pipeline_dag.py for tasks to queue
[2025-11-18T00:04:15.952+0000] {logging_mixin.py:188} INFO - [2025-11-18T00:04:15.950+0000] {dagbag.py:545} INFO - Filling up the DagBag from /opt/airflow/dags/predictive_pipeline_dag.py
[2025-11-18T00:04:18.709+0000] {logging_mixin.py:188} WARNING - /home/airflow/.local/lib/python3.12/site-packages/mlflow/tracking/_tracking_service/utils.py:140 FutureWarning: Filesystem tracking backend (e.g., './mlruns') is deprecated. Please switch to a database backend (e.g., 'sqlite:///mlflow.db'). For feedback, see: https://github.com/mlflow/mlflow/issues/18534
[2025-11-18T00:04:19.693+0000] {processor.py:840} INFO - DAG(s) 'predictive_pipeline_xgb' retrieved from /opt/airflow/dags/predictive_pipeline_dag.py
[2025-11-18T00:04:19.723+0000] {logging_mixin.py:188} INFO - [2025-11-18T00:04:19.722+0000] {dag.py:3096} INFO - Sync 1 DAGs
[2025-11-18T00:04:19.752+0000] {logging_mixin.py:188} INFO - [2025-11-18T00:04:19.752+0000] {dag.py:3954} INFO - Setting next_dagrun for predictive_pipeline_xgb to 2025-11-23 00:00:00+00:00, run_after=2025-11-30 00:00:00+00:00
[2025-11-18T00:04:19.833+0000] {processor.py:183} INFO - Processing /opt/airflow/dags/predictive_pipeline_dag.py took 3.929 seconds
[2025-11-18T00:04:50.084+0000] {processor.py:161} INFO - Started process (PID=1014) to work on /opt/airflow/dags/predictive_pipeline_dag.py
[2025-11-18T00:04:50.087+0000] {processor.py:830} INFO - Processing file /opt/airflow/dags/predictive_pipeline_dag.py for tasks to queue
[2025-11-18T00:04:50.090+0000] {logging_mixin.py:188} INFO - [2025-11-18T00:04:50.089+0000] {dagbag.py:545} INFO - Filling up the DagBag from /opt/airflow/dags/predictive_pipeline_dag.py
[2025-11-18T00:04:52.671+0000] {logging_mixin.py:188} WARNING - /home/airflow/.local/lib/python3.12/site-packages/mlflow/tracking/_tracking_service/utils.py:140 FutureWarning: Filesystem tracking backend (e.g., './mlruns') is deprecated. Please switch to a database backend (e.g., 'sqlite:///mlflow.db'). For feedback, see: https://github.com/mlflow/mlflow/issues/18534
[2025-11-18T00:04:53.666+0000] {processor.py:840} INFO - DAG(s) 'predictive_pipeline_xgb' retrieved from /opt/airflow/dags/predictive_pipeline_dag.py
[2025-11-18T00:04:53.706+0000] {logging_mixin.py:188} INFO - [2025-11-18T00:04:53.704+0000] {dag.py:3096} INFO - Sync 1 DAGs
[2025-11-18T00:04:53.745+0000] {logging_mixin.py:188} INFO - [2025-11-18T00:04:53.744+0000] {dag.py:3954} INFO - Setting next_dagrun for predictive_pipeline_xgb to 2025-11-23 00:00:00+00:00, run_after=2025-11-30 00:00:00+00:00
[2025-11-18T00:04:53.860+0000] {processor.py:183} INFO - Processing /opt/airflow/dags/predictive_pipeline_dag.py took 4.181 seconds
[2025-11-18T00:05:24.252+0000] {processor.py:161} INFO - Started process (PID=1024) to work on /opt/airflow/dags/predictive_pipeline_dag.py
[2025-11-18T00:05:24.257+0000] {processor.py:830} INFO - Processing file /opt/airflow/dags/predictive_pipeline_dag.py for tasks to queue
[2025-11-18T00:05:24.264+0000] {logging_mixin.py:188} INFO - [2025-11-18T00:05:24.263+0000] {dagbag.py:545} INFO - Filling up the DagBag from /opt/airflow/dags/predictive_pipeline_dag.py
[2025-11-18T00:05:26.914+0000] {logging_mixin.py:188} WARNING - /home/airflow/.local/lib/python3.12/site-packages/mlflow/tracking/_tracking_service/utils.py:140 FutureWarning: Filesystem tracking backend (e.g., './mlruns') is deprecated. Please switch to a database backend (e.g., 'sqlite:///mlflow.db'). For feedback, see: https://github.com/mlflow/mlflow/issues/18534
[2025-11-18T00:05:27.662+0000] {processor.py:840} INFO - DAG(s) 'predictive_pipeline_xgb' retrieved from /opt/airflow/dags/predictive_pipeline_dag.py
[2025-11-18T00:05:27.699+0000] {logging_mixin.py:188} INFO - [2025-11-18T00:05:27.698+0000] {dag.py:3096} INFO - Sync 1 DAGs
[2025-11-18T00:05:27.728+0000] {logging_mixin.py:188} INFO - [2025-11-18T00:05:27.727+0000] {dag.py:3954} INFO - Setting next_dagrun for predictive_pipeline_xgb to 2025-11-23 00:00:00+00:00, run_after=2025-11-30 00:00:00+00:00
[2025-11-18T00:05:27.814+0000] {processor.py:183} INFO - Processing /opt/airflow/dags/predictive_pipeline_dag.py took 3.590 seconds
[2025-11-18T00:05:58.224+0000] {processor.py:161} INFO - Started process (PID=1034) to work on /opt/airflow/dags/predictive_pipeline_dag.py
[2025-11-18T00:05:58.228+0000] {processor.py:830} INFO - Processing file /opt/airflow/dags/predictive_pipeline_dag.py for tasks to queue
[2025-11-18T00:05:58.237+0000] {logging_mixin.py:188} INFO - [2025-11-18T00:05:58.235+0000] {dagbag.py:545} INFO - Filling up the DagBag from /opt/airflow/dags/predictive_pipeline_dag.py
[2025-11-18T00:06:00.514+0000] {logging_mixin.py:188} WARNING - /home/airflow/.local/lib/python3.12/site-packages/mlflow/tracking/_tracking_service/utils.py:140 FutureWarning: Filesystem tracking backend (e.g., './mlruns') is deprecated. Please switch to a database backend (e.g., 'sqlite:///mlflow.db'). For feedback, see: https://github.com/mlflow/mlflow/issues/18534
[2025-11-18T00:06:01.392+0000] {processor.py:840} INFO - DAG(s) 'predictive_pipeline_xgb' retrieved from /opt/airflow/dags/predictive_pipeline_dag.py
[2025-11-18T00:06:01.425+0000] {logging_mixin.py:188} INFO - [2025-11-18T00:06:01.424+0000] {dag.py:3096} INFO - Sync 1 DAGs
[2025-11-18T00:06:01.453+0000] {logging_mixin.py:188} INFO - [2025-11-18T00:06:01.453+0000] {dag.py:3954} INFO - Setting next_dagrun for predictive_pipeline_xgb to 2025-11-23 00:00:00+00:00, run_after=2025-11-30 00:00:00+00:00
[2025-11-18T00:06:01.543+0000] {processor.py:183} INFO - Processing /opt/airflow/dags/predictive_pipeline_dag.py took 3.352 seconds
[2025-11-18T00:06:31.893+0000] {processor.py:161} INFO - Started process (PID=1044) to work on /opt/airflow/dags/predictive_pipeline_dag.py
[2025-11-18T00:06:31.895+0000] {processor.py:830} INFO - Processing file /opt/airflow/dags/predictive_pipeline_dag.py for tasks to queue
[2025-11-18T00:06:31.897+0000] {logging_mixin.py:188} INFO - [2025-11-18T00:06:31.897+0000] {dagbag.py:545} INFO - Filling up the DagBag from /opt/airflow/dags/predictive_pipeline_dag.py
[2025-11-18T00:06:34.493+0000] {logging_mixin.py:188} WARNING - /home/airflow/.local/lib/python3.12/site-packages/mlflow/tracking/_tracking_service/utils.py:140 FutureWarning: Filesystem tracking backend (e.g., './mlruns') is deprecated. Please switch to a database backend (e.g., 'sqlite:///mlflow.db'). For feedback, see: https://github.com/mlflow/mlflow/issues/18534
[2025-11-18T00:06:35.289+0000] {processor.py:840} INFO - DAG(s) 'predictive_pipeline_xgb' retrieved from /opt/airflow/dags/predictive_pipeline_dag.py
[2025-11-18T00:06:35.433+0000] {logging_mixin.py:188} INFO - [2025-11-18T00:06:35.433+0000] {dag.py:3096} INFO - Sync 1 DAGs
[2025-11-18T00:06:35.463+0000] {logging_mixin.py:188} INFO - [2025-11-18T00:06:35.463+0000] {dag.py:3954} INFO - Setting next_dagrun for predictive_pipeline_xgb to 2025-11-23 00:00:00+00:00, run_after=2025-11-30 00:00:00+00:00
[2025-11-18T00:06:35.551+0000] {processor.py:183} INFO - Processing /opt/airflow/dags/predictive_pipeline_dag.py took 3.669 seconds
[2025-11-18T00:07:05.824+0000] {processor.py:161} INFO - Started process (PID=1054) to work on /opt/airflow/dags/predictive_pipeline_dag.py
[2025-11-18T00:07:05.826+0000] {processor.py:830} INFO - Processing file /opt/airflow/dags/predictive_pipeline_dag.py for tasks to queue
[2025-11-18T00:07:05.829+0000] {logging_mixin.py:188} INFO - [2025-11-18T00:07:05.829+0000] {dagbag.py:545} INFO - Filling up the DagBag from /opt/airflow/dags/predictive_pipeline_dag.py
[2025-11-18T00:07:07.968+0000] {logging_mixin.py:188} WARNING - /home/airflow/.local/lib/python3.12/site-packages/mlflow/tracking/_tracking_service/utils.py:140 FutureWarning: Filesystem tracking backend (e.g., './mlruns') is deprecated. Please switch to a database backend (e.g., 'sqlite:///mlflow.db'). For feedback, see: https://github.com/mlflow/mlflow/issues/18534
[2025-11-18T00:07:08.775+0000] {processor.py:840} INFO - DAG(s) 'predictive_pipeline_xgb' retrieved from /opt/airflow/dags/predictive_pipeline_dag.py
[2025-11-18T00:07:08.797+0000] {logging_mixin.py:188} INFO - [2025-11-18T00:07:08.796+0000] {dag.py:3096} INFO - Sync 1 DAGs
[2025-11-18T00:07:08.817+0000] {logging_mixin.py:188} INFO - [2025-11-18T00:07:08.817+0000] {dag.py:3954} INFO - Setting next_dagrun for predictive_pipeline_xgb to 2025-11-23 00:00:00+00:00, run_after=2025-11-30 00:00:00+00:00
[2025-11-18T00:07:08.896+0000] {processor.py:183} INFO - Processing /opt/airflow/dags/predictive_pipeline_dag.py took 3.086 seconds
[2025-11-18T00:07:39.201+0000] {processor.py:161} INFO - Started process (PID=1064) to work on /opt/airflow/dags/predictive_pipeline_dag.py
[2025-11-18T00:07:39.202+0000] {processor.py:830} INFO - Processing file /opt/airflow/dags/predictive_pipeline_dag.py for tasks to queue
[2025-11-18T00:07:39.204+0000] {logging_mixin.py:188} INFO - [2025-11-18T00:07:39.204+0000] {dagbag.py:545} INFO - Filling up the DagBag from /opt/airflow/dags/predictive_pipeline_dag.py
[2025-11-18T00:07:41.433+0000] {logging_mixin.py:188} WARNING - /home/airflow/.local/lib/python3.12/site-packages/mlflow/tracking/_tracking_service/utils.py:140 FutureWarning: Filesystem tracking backend (e.g., './mlruns') is deprecated. Please switch to a database backend (e.g., 'sqlite:///mlflow.db'). For feedback, see: https://github.com/mlflow/mlflow/issues/18534
[2025-11-18T00:07:42.556+0000] {processor.py:840} INFO - DAG(s) 'predictive_pipeline_xgb' retrieved from /opt/airflow/dags/predictive_pipeline_dag.py
[2025-11-18T00:07:42.596+0000] {logging_mixin.py:188} INFO - [2025-11-18T00:07:42.594+0000] {dag.py:3096} INFO - Sync 1 DAGs
[2025-11-18T00:07:42.629+0000] {logging_mixin.py:188} INFO - [2025-11-18T00:07:42.629+0000] {dag.py:3954} INFO - Setting next_dagrun for predictive_pipeline_xgb to 2025-11-23 00:00:00+00:00, run_after=2025-11-30 00:00:00+00:00
[2025-11-18T00:07:42.723+0000] {processor.py:183} INFO - Processing /opt/airflow/dags/predictive_pipeline_dag.py took 3.530 seconds
[2025-11-18T00:08:13.408+0000] {processor.py:161} INFO - Started process (PID=1074) to work on /opt/airflow/dags/predictive_pipeline_dag.py
[2025-11-18T00:08:13.410+0000] {processor.py:830} INFO - Processing file /opt/airflow/dags/predictive_pipeline_dag.py for tasks to queue
[2025-11-18T00:08:13.413+0000] {logging_mixin.py:188} INFO - [2025-11-18T00:08:13.412+0000] {dagbag.py:545} INFO - Filling up the DagBag from /opt/airflow/dags/predictive_pipeline_dag.py
[2025-11-18T00:08:16.077+0000] {logging_mixin.py:188} WARNING - /home/airflow/.local/lib/python3.12/site-packages/mlflow/tracking/_tracking_service/utils.py:140 FutureWarning: Filesystem tracking backend (e.g., './mlruns') is deprecated. Please switch to a database backend (e.g., 'sqlite:///mlflow.db'). For feedback, see: https://github.com/mlflow/mlflow/issues/18534
[2025-11-18T00:08:17.109+0000] {processor.py:840} INFO - DAG(s) 'predictive_pipeline_xgb' retrieved from /opt/airflow/dags/predictive_pipeline_dag.py
[2025-11-18T00:08:17.140+0000] {logging_mixin.py:188} INFO - [2025-11-18T00:08:17.139+0000] {dag.py:3096} INFO - Sync 1 DAGs
[2025-11-18T00:08:17.167+0000] {logging_mixin.py:188} INFO - [2025-11-18T00:08:17.167+0000] {dag.py:3954} INFO - Setting next_dagrun for predictive_pipeline_xgb to 2025-11-23 00:00:00+00:00, run_after=2025-11-30 00:00:00+00:00
[2025-11-18T00:08:17.252+0000] {processor.py:183} INFO - Processing /opt/airflow/dags/predictive_pipeline_dag.py took 3.861 seconds
[2025-11-18T00:08:47.394+0000] {processor.py:161} INFO - Started process (PID=1084) to work on /opt/airflow/dags/predictive_pipeline_dag.py
[2025-11-18T00:08:47.395+0000] {processor.py:830} INFO - Processing file /opt/airflow/dags/predictive_pipeline_dag.py for tasks to queue
[2025-11-18T00:08:47.397+0000] {logging_mixin.py:188} INFO - [2025-11-18T00:08:47.397+0000] {dagbag.py:545} INFO - Filling up the DagBag from /opt/airflow/dags/predictive_pipeline_dag.py
[2025-11-18T00:08:49.372+0000] {logging_mixin.py:188} WARNING - /home/airflow/.local/lib/python3.12/site-packages/mlflow/tracking/_tracking_service/utils.py:140 FutureWarning: Filesystem tracking backend (e.g., './mlruns') is deprecated. Please switch to a database backend (e.g., 'sqlite:///mlflow.db'). For feedback, see: https://github.com/mlflow/mlflow/issues/18534
[2025-11-18T00:08:50.092+0000] {processor.py:840} INFO - DAG(s) 'predictive_pipeline_xgb' retrieved from /opt/airflow/dags/predictive_pipeline_dag.py
[2025-11-18T00:08:50.121+0000] {logging_mixin.py:188} INFO - [2025-11-18T00:08:50.121+0000] {dag.py:3096} INFO - Sync 1 DAGs
[2025-11-18T00:08:50.151+0000] {logging_mixin.py:188} INFO - [2025-11-18T00:08:50.150+0000] {dag.py:3954} INFO - Setting next_dagrun for predictive_pipeline_xgb to 2025-11-23 00:00:00+00:00, run_after=2025-11-30 00:00:00+00:00
[2025-11-18T00:08:50.238+0000] {processor.py:183} INFO - Processing /opt/airflow/dags/predictive_pipeline_dag.py took 2.855 seconds
[2025-11-18T00:09:20.525+0000] {processor.py:161} INFO - Started process (PID=1094) to work on /opt/airflow/dags/predictive_pipeline_dag.py
[2025-11-18T00:09:20.527+0000] {processor.py:830} INFO - Processing file /opt/airflow/dags/predictive_pipeline_dag.py for tasks to queue
[2025-11-18T00:09:20.530+0000] {logging_mixin.py:188} INFO - [2025-11-18T00:09:20.529+0000] {dagbag.py:545} INFO - Filling up the DagBag from /opt/airflow/dags/predictive_pipeline_dag.py
[2025-11-18T00:09:23.002+0000] {logging_mixin.py:188} WARNING - /home/airflow/.local/lib/python3.12/site-packages/mlflow/tracking/_tracking_service/utils.py:140 FutureWarning: Filesystem tracking backend (e.g., './mlruns') is deprecated. Please switch to a database backend (e.g., 'sqlite:///mlflow.db'). For feedback, see: https://github.com/mlflow/mlflow/issues/18534
[2025-11-18T00:09:23.929+0000] {processor.py:840} INFO - DAG(s) 'predictive_pipeline_xgb' retrieved from /opt/airflow/dags/predictive_pipeline_dag.py
[2025-11-18T00:09:23.955+0000] {logging_mixin.py:188} INFO - [2025-11-18T00:09:23.955+0000] {dag.py:3096} INFO - Sync 1 DAGs
[2025-11-18T00:09:23.977+0000] {logging_mixin.py:188} INFO - [2025-11-18T00:09:23.977+0000] {dag.py:3954} INFO - Setting next_dagrun for predictive_pipeline_xgb to 2025-11-23 00:00:00+00:00, run_after=2025-11-30 00:00:00+00:00
[2025-11-18T00:09:24.065+0000] {processor.py:183} INFO - Processing /opt/airflow/dags/predictive_pipeline_dag.py took 3.814 seconds
[2025-11-18T00:09:54.325+0000] {processor.py:161} INFO - Started process (PID=1104) to work on /opt/airflow/dags/predictive_pipeline_dag.py
[2025-11-18T00:09:54.326+0000] {processor.py:830} INFO - Processing file /opt/airflow/dags/predictive_pipeline_dag.py for tasks to queue
[2025-11-18T00:09:54.328+0000] {logging_mixin.py:188} INFO - [2025-11-18T00:09:54.328+0000] {dagbag.py:545} INFO - Filling up the DagBag from /opt/airflow/dags/predictive_pipeline_dag.py
[2025-11-18T00:09:57.044+0000] {logging_mixin.py:188} WARNING - /home/airflow/.local/lib/python3.12/site-packages/mlflow/tracking/_tracking_service/utils.py:140 FutureWarning: Filesystem tracking backend (e.g., './mlruns') is deprecated. Please switch to a database backend (e.g., 'sqlite:///mlflow.db'). For feedback, see: https://github.com/mlflow/mlflow/issues/18534
[2025-11-18T00:09:58.015+0000] {processor.py:840} INFO - DAG(s) 'predictive_pipeline_xgb' retrieved from /opt/airflow/dags/predictive_pipeline_dag.py
[2025-11-18T00:09:58.038+0000] {logging_mixin.py:188} INFO - [2025-11-18T00:09:58.038+0000] {dag.py:3096} INFO - Sync 1 DAGs
[2025-11-18T00:09:58.059+0000] {logging_mixin.py:188} INFO - [2025-11-18T00:09:58.059+0000] {dag.py:3954} INFO - Setting next_dagrun for predictive_pipeline_xgb to 2025-11-23 00:00:00+00:00, run_after=2025-11-30 00:00:00+00:00
[2025-11-18T00:09:58.137+0000] {processor.py:183} INFO - Processing /opt/airflow/dags/predictive_pipeline_dag.py took 3.821 seconds
[2025-11-18T00:10:28.653+0000] {processor.py:161} INFO - Started process (PID=1114) to work on /opt/airflow/dags/predictive_pipeline_dag.py
[2025-11-18T00:10:28.655+0000] {processor.py:830} INFO - Processing file /opt/airflow/dags/predictive_pipeline_dag.py for tasks to queue
[2025-11-18T00:10:28.660+0000] {logging_mixin.py:188} INFO - [2025-11-18T00:10:28.659+0000] {dagbag.py:545} INFO - Filling up the DagBag from /opt/airflow/dags/predictive_pipeline_dag.py
[2025-11-18T00:10:31.135+0000] {logging_mixin.py:188} WARNING - /home/airflow/.local/lib/python3.12/site-packages/mlflow/tracking/_tracking_service/utils.py:140 FutureWarning: Filesystem tracking backend (e.g., './mlruns') is deprecated. Please switch to a database backend (e.g., 'sqlite:///mlflow.db'). For feedback, see: https://github.com/mlflow/mlflow/issues/18534
[2025-11-18T00:10:32.533+0000] {processor.py:840} INFO - DAG(s) 'predictive_pipeline_xgb' retrieved from /opt/airflow/dags/predictive_pipeline_dag.py
[2025-11-18T00:10:32.574+0000] {logging_mixin.py:188} INFO - [2025-11-18T00:10:32.573+0000] {dag.py:3096} INFO - Sync 1 DAGs
[2025-11-18T00:10:32.612+0000] {logging_mixin.py:188} INFO - [2025-11-18T00:10:32.611+0000] {dag.py:3954} INFO - Setting next_dagrun for predictive_pipeline_xgb to 2025-11-23 00:00:00+00:00, run_after=2025-11-30 00:00:00+00:00
[2025-11-18T00:10:32.809+0000] {processor.py:183} INFO - Processing /opt/airflow/dags/predictive_pipeline_dag.py took 4.181 seconds
[2025-11-18T00:11:03.418+0000] {processor.py:161} INFO - Started process (PID=1124) to work on /opt/airflow/dags/predictive_pipeline_dag.py
[2025-11-18T00:11:03.421+0000] {processor.py:830} INFO - Processing file /opt/airflow/dags/predictive_pipeline_dag.py for tasks to queue
[2025-11-18T00:11:03.429+0000] {logging_mixin.py:188} INFO - [2025-11-18T00:11:03.428+0000] {dagbag.py:545} INFO - Filling up the DagBag from /opt/airflow/dags/predictive_pipeline_dag.py
[2025-11-18T00:11:05.731+0000] {logging_mixin.py:188} WARNING - /home/airflow/.local/lib/python3.12/site-packages/mlflow/tracking/_tracking_service/utils.py:140 FutureWarning: Filesystem tracking backend (e.g., './mlruns') is deprecated. Please switch to a database backend (e.g., 'sqlite:///mlflow.db'). For feedback, see: https://github.com/mlflow/mlflow/issues/18534
[2025-11-18T00:11:06.592+0000] {processor.py:840} INFO - DAG(s) 'predictive_pipeline_xgb' retrieved from /opt/airflow/dags/predictive_pipeline_dag.py
[2025-11-18T00:11:06.626+0000] {logging_mixin.py:188} INFO - [2025-11-18T00:11:06.624+0000] {dag.py:3096} INFO - Sync 1 DAGs
[2025-11-18T00:11:06.652+0000] {logging_mixin.py:188} INFO - [2025-11-18T00:11:06.652+0000] {dag.py:3954} INFO - Setting next_dagrun for predictive_pipeline_xgb to 2025-11-23 00:00:00+00:00, run_after=2025-11-30 00:00:00+00:00
[2025-11-18T00:11:06.741+0000] {processor.py:183} INFO - Processing /opt/airflow/dags/predictive_pipeline_dag.py took 3.347 seconds
[2025-11-18T00:11:36.967+0000] {processor.py:161} INFO - Started process (PID=1134) to work on /opt/airflow/dags/predictive_pipeline_dag.py
[2025-11-18T00:11:36.971+0000] {processor.py:830} INFO - Processing file /opt/airflow/dags/predictive_pipeline_dag.py for tasks to queue
[2025-11-18T00:11:36.978+0000] {logging_mixin.py:188} INFO - [2025-11-18T00:11:36.977+0000] {dagbag.py:545} INFO - Filling up the DagBag from /opt/airflow/dags/predictive_pipeline_dag.py
[2025-11-18T00:11:39.679+0000] {logging_mixin.py:188} WARNING - /home/airflow/.local/lib/python3.12/site-packages/mlflow/tracking/_tracking_service/utils.py:140 FutureWarning: Filesystem tracking backend (e.g., './mlruns') is deprecated. Please switch to a database backend (e.g., 'sqlite:///mlflow.db'). For feedback, see: https://github.com/mlflow/mlflow/issues/18534
[2025-11-18T00:11:40.593+0000] {processor.py:840} INFO - DAG(s) 'predictive_pipeline_xgb' retrieved from /opt/airflow/dags/predictive_pipeline_dag.py
[2025-11-18T00:11:40.631+0000] {logging_mixin.py:188} INFO - [2025-11-18T00:11:40.630+0000] {dag.py:3096} INFO - Sync 1 DAGs
[2025-11-18T00:11:40.665+0000] {logging_mixin.py:188} INFO - [2025-11-18T00:11:40.664+0000] {dag.py:3954} INFO - Setting next_dagrun for predictive_pipeline_xgb to 2025-11-23 00:00:00+00:00, run_after=2025-11-30 00:00:00+00:00
[2025-11-18T00:11:40.766+0000] {processor.py:183} INFO - Processing /opt/airflow/dags/predictive_pipeline_dag.py took 3.825 seconds
