[2025-11-19T21:03:42.687+0000] {local_task_job_runner.py:120} INFO - ::group::Pre task execution logs
[2025-11-19T21:03:42.715+0000] {taskinstance.py:2076} INFO - Dependencies all met for dep_context=non-requeueable deps ti=<TaskInstance: predictive_pipeline_xgb.explain_model manual__2025-11-19T20:23:38.076142+00:00 [queued]>
[2025-11-19T21:03:42.726+0000] {taskinstance.py:2076} INFO - Dependencies all met for dep_context=requeueable deps ti=<TaskInstance: predictive_pipeline_xgb.explain_model manual__2025-11-19T20:23:38.076142+00:00 [queued]>
[2025-11-19T21:03:42.727+0000] {taskinstance.py:2306} INFO - Starting attempt 3 of 3
[2025-11-19T21:03:42.750+0000] {taskinstance.py:2330} INFO - Executing <Task(PythonOperator): explain_model> on 2025-11-19 20:23:38.076142+00:00
[2025-11-19T21:03:42.760+0000] {logging_mixin.py:188} WARNING - /home/airflow/.local/lib/python3.12/site-packages/airflow/task/task_runner/standard_task_runner.py:61 DeprecationWarning: This process (pid=598) is multi-threaded, use of fork() may lead to deadlocks in the child.
[2025-11-19T21:03:42.761+0000] {standard_task_runner.py:63} INFO - Started process 615 to run task
[2025-11-19T21:03:42.760+0000] {standard_task_runner.py:90} INFO - Running: ['airflow', 'tasks', 'run', 'predictive_pipeline_xgb', 'explain_model', 'manual__2025-11-19T20:23:38.076142+00:00', '--job-id', '28', '--raw', '--subdir', 'DAGS_FOLDER/predictive_pipeline_dag.py', '--cfg-path', '/tmp/tmpkmo3cf5s']
[2025-11-19T21:03:42.763+0000] {standard_task_runner.py:91} INFO - Job 28: Subtask explain_model
[2025-11-19T21:03:42.845+0000] {task_command.py:426} INFO - Running <TaskInstance: predictive_pipeline_xgb.explain_model manual__2025-11-19T20:23:38.076142+00:00 [running]> on host 5142ff2df330
[2025-11-19T21:03:42.947+0000] {taskinstance.py:2648} INFO - Exporting env vars: AIRFLOW_CTX_DAG_OWNER='ml_team' AIRFLOW_CTX_DAG_ID='predictive_pipeline_xgb' AIRFLOW_CTX_TASK_ID='explain_model' AIRFLOW_CTX_EXECUTION_DATE='2025-11-19T20:23:38.076142+00:00' AIRFLOW_CTX_TRY_NUMBER='3' AIRFLOW_CTX_DAG_RUN_ID='manual__2025-11-19T20:23:38.076142+00:00'
[2025-11-19T21:03:42.948+0000] {taskinstance.py:430} INFO - ::endgroup::
[2025-11-19T21:04:00.674+0000] {taskinstance.py:441} INFO - ::group::Post task execution logs
[2025-11-19T21:04:00.675+0000] {taskinstance.py:2905} ERROR - Task failed with exception
Traceback (most recent call last):
  File "/home/airflow/.local/lib/python3.12/site-packages/airflow/models/taskinstance.py", line 465, in _execute_task
    result = _execute_callable(context=context, **execute_callable_kwargs)
             ^^^^^^^^^^^^^^^^^^^^^^^^^^^^^^^^^^^^^^^^^^^^^^^^^^^^^^^^^^^^^
  File "/home/airflow/.local/lib/python3.12/site-packages/airflow/models/taskinstance.py", line 432, in _execute_callable
    return execute_callable(context=context, **execute_callable_kwargs)
           ^^^^^^^^^^^^^^^^^^^^^^^^^^^^^^^^^^^^^^^^^^^^^^^^^^^^^^^^^^^^
  File "/home/airflow/.local/lib/python3.12/site-packages/airflow/models/baseoperator.py", line 400, in wrapper
    return func(self, *args, **kwargs)
           ^^^^^^^^^^^^^^^^^^^^^^^^^^^
  File "/home/airflow/.local/lib/python3.12/site-packages/airflow/operators/python.py", line 235, in execute
    return_value = self.execute_callable()
                   ^^^^^^^^^^^^^^^^^^^^^^^
  File "/home/airflow/.local/lib/python3.12/site-packages/airflow/operators/python.py", line 252, in execute_callable
    return self.python_callable(*self.op_args, **self.op_kwargs)
           ^^^^^^^^^^^^^^^^^^^^^^^^^^^^^^^^^^^^^^^^^^^^^^^^^^^^^
  File "/opt/airflow/scripts/explainability.py", line 28, in explain_model
    explainer = shap.TreeExplainer(model)
                ^^^^^^^^^^^^^^^^^^^^^^^^^
  File "/home/airflow/.local/lib/python3.12/site-packages/shap/explainers/_tree.py", line 278, in __init__
    self.model = TreeEnsemble(model, self.data, self.data_missing, model_output)
                 ^^^^^^^^^^^^^^^^^^^^^^^^^^^^^^^^^^^^^^^^^^^^^^^^^^^^^^^^^^^^^^^
  File "/home/airflow/.local/lib/python3.12/site-packages/shap/explainers/_tree.py", line 1261, in __init__
    self._set_xgboost_model_attributes(
  File "/home/airflow/.local/lib/python3.12/site-packages/shap/explainers/_tree.py", line 1506, in _set_xgboost_model_attributes
    loader = XGBTreeModelLoader(self.original_model)
             ^^^^^^^^^^^^^^^^^^^^^^^^^^^^^^^^^^^^^^^
  File "/home/airflow/.local/lib/python3.12/site-packages/shap/explainers/_tree.py", line 2104, in __init__
    self.base_score = float(learner_model_param["base_score"])
                      ^^^^^^^^^^^^^^^^^^^^^^^^^^^^^^^^^^^^^^^^
ValueError: could not convert string to float: '[5.46419E-1]'
[2025-11-19T21:04:00.691+0000] {taskinstance.py:1206} INFO - Marking task as FAILED. dag_id=predictive_pipeline_xgb, task_id=explain_model, run_id=manual__2025-11-19T20:23:38.076142+00:00, execution_date=20251119T202338, start_date=20251119T210342, end_date=20251119T210400
[2025-11-19T21:04:00.718+0000] {standard_task_runner.py:110} ERROR - Failed to execute job 28 for task explain_model (could not convert string to float: '[5.46419E-1]'; 615)
[2025-11-19T21:04:00.995+0000] {local_task_job_runner.py:240} INFO - Task exited with return code 1
[2025-11-19T21:04:01.018+0000] {taskinstance.py:3498} INFO - 0 downstream tasks scheduled from follow-on schedule check
[2025-11-19T21:04:01.035+0000] {local_task_job_runner.py:222} INFO - ::endgroup::
