[2025-11-19T22:09:01.672+0000] {local_task_job_runner.py:120} INFO - ::group::Pre task execution logs
[2025-11-19T22:09:01.700+0000] {taskinstance.py:2076} INFO - Dependencies all met for dep_context=non-requeueable deps ti=<TaskInstance: predictive_pipeline_xgb.detect_drift manual__2025-11-19T22:07:25.784824+00:00 [queued]>
[2025-11-19T22:09:01.712+0000] {taskinstance.py:2076} INFO - Dependencies all met for dep_context=requeueable deps ti=<TaskInstance: predictive_pipeline_xgb.detect_drift manual__2025-11-19T22:07:25.784824+00:00 [queued]>
[2025-11-19T22:09:01.713+0000] {taskinstance.py:2306} INFO - Starting attempt 1 of 3
[2025-11-19T22:09:01.739+0000] {taskinstance.py:2330} INFO - Executing <Task(BranchPythonOperator): detect_drift> on 2025-11-19 22:07:25.784824+00:00
[2025-11-19T22:09:01.748+0000] {standard_task_runner.py:90} INFO - Running: ['airflow', 'tasks', 'run', 'predictive_pipeline_xgb', 'detect_drift', 'manual__2025-11-19T22:07:25.784824+00:00', '--job-id', '38', '--raw', '--subdir', 'DAGS_FOLDER/predictive_pipeline_dag.py', '--cfg-path', '/tmp/tmpp4sd06j8']
[2025-11-19T22:09:01.750+0000] {logging_mixin.py:188} WARNING - /home/airflow/.local/lib/python3.12/site-packages/airflow/task/task_runner/standard_task_runner.py:61 DeprecationWarning: This process (pid=561) is multi-threaded, use of fork() may lead to deadlocks in the child.
[2025-11-19T22:09:01.751+0000] {standard_task_runner.py:91} INFO - Job 38: Subtask detect_drift
[2025-11-19T22:09:01.752+0000] {standard_task_runner.py:63} INFO - Started process 578 to run task
[2025-11-19T22:09:01.833+0000] {task_command.py:426} INFO - Running <TaskInstance: predictive_pipeline_xgb.detect_drift manual__2025-11-19T22:07:25.784824+00:00 [running]> on host 379b1422ee22
[2025-11-19T22:09:02.013+0000] {taskinstance.py:2648} INFO - Exporting env vars: AIRFLOW_CTX_DAG_OWNER='ml_team' AIRFLOW_CTX_DAG_ID='predictive_pipeline_xgb' AIRFLOW_CTX_TASK_ID='detect_drift' AIRFLOW_CTX_EXECUTION_DATE='2025-11-19T22:07:25.784824+00:00' AIRFLOW_CTX_TRY_NUMBER='1' AIRFLOW_CTX_DAG_RUN_ID='manual__2025-11-19T22:07:25.784824+00:00'
[2025-11-19T22:09:02.014+0000] {taskinstance.py:430} INFO - ::endgroup::
[2025-11-19T22:09:02.026+0000] {baseoperator.py:399} WARNING - BranchPythonOperator.execute cannot be called outside TaskInstance!
[2025-11-19T22:09:02.027+0000] {taskinstance.py:441} INFO - ::group::Post task execution logs
[2025-11-19T22:09:02.028+0000] {taskinstance.py:2905} ERROR - Task failed with exception
Traceback (most recent call last):
  File "/home/airflow/.local/lib/python3.12/site-packages/airflow/models/taskinstance.py", line 465, in _execute_task
    result = _execute_callable(context=context, **execute_callable_kwargs)
             ^^^^^^^^^^^^^^^^^^^^^^^^^^^^^^^^^^^^^^^^^^^^^^^^^^^^^^^^^^^^^
  File "/home/airflow/.local/lib/python3.12/site-packages/airflow/models/taskinstance.py", line 432, in _execute_callable
    return execute_callable(context=context, **execute_callable_kwargs)
           ^^^^^^^^^^^^^^^^^^^^^^^^^^^^^^^^^^^^^^^^^^^^^^^^^^^^^^^^^^^^
  File "/home/airflow/.local/lib/python3.12/site-packages/airflow/models/baseoperator.py", line 400, in wrapper
    return func(self, *args, **kwargs)
           ^^^^^^^^^^^^^^^^^^^^^^^^^^^
  File "/home/airflow/.local/lib/python3.12/site-packages/airflow/operators/python.py", line 269, in execute
    return self.do_branch(context, super().execute(context))
                                   ^^^^^^^^^^^^^^^^^^^^^^^^
  File "/home/airflow/.local/lib/python3.12/site-packages/airflow/models/baseoperator.py", line 400, in wrapper
    return func(self, *args, **kwargs)
           ^^^^^^^^^^^^^^^^^^^^^^^^^^^
  File "/home/airflow/.local/lib/python3.12/site-packages/airflow/operators/python.py", line 235, in execute
    return_value = self.execute_callable()
                   ^^^^^^^^^^^^^^^^^^^^^^^
  File "/home/airflow/.local/lib/python3.12/site-packages/airflow/operators/python.py", line 252, in execute_callable
    return self.python_callable(*self.op_args, **self.op_kwargs)
           ^^^^^^^^^^^^^^^^^^^^^^^^^^^^^^^^^^^^^^^^^^^^^^^^^^^^^
  File "/opt/airflow/scripts/detect_drift.py", line 7, in detect_drift
    Path(art_dir).mkdir(parents=True, exist_ok=True)
    ^^^^
NameError: name 'Path' is not defined
[2025-11-19T22:09:02.047+0000] {taskinstance.py:1206} INFO - Marking task as UP_FOR_RETRY. dag_id=predictive_pipeline_xgb, task_id=detect_drift, run_id=manual__2025-11-19T22:07:25.784824+00:00, execution_date=20251119T220725, start_date=20251119T220901, end_date=20251119T220902
[2025-11-19T22:09:02.077+0000] {standard_task_runner.py:110} ERROR - Failed to execute job 38 for task detect_drift (name 'Path' is not defined; 578)
[2025-11-19T22:09:02.126+0000] {local_task_job_runner.py:240} INFO - Task exited with return code 1
[2025-11-19T22:09:02.153+0000] {taskinstance.py:3498} INFO - 0 downstream tasks scheduled from follow-on schedule check
[2025-11-19T22:09:02.155+0000] {local_task_job_runner.py:222} INFO - ::endgroup::
