[2025-11-19T20:26:04.475+0000] {local_task_job_runner.py:120} INFO - ::group::Pre task execution logs
[2025-11-19T20:26:04.555+0000] {taskinstance.py:2076} INFO - Dependencies all met for dep_context=non-requeueable deps ti=<TaskInstance: predictive_pipeline_xgb.detect_drift manual__2025-11-19T20:23:38.076142+00:00 [queued]>
[2025-11-19T20:26:04.592+0000] {taskinstance.py:2076} INFO - Dependencies all met for dep_context=requeueable deps ti=<TaskInstance: predictive_pipeline_xgb.detect_drift manual__2025-11-19T20:23:38.076142+00:00 [queued]>
[2025-11-19T20:26:04.595+0000] {taskinstance.py:2306} INFO - Starting attempt 1 of 3
[2025-11-19T20:26:04.694+0000] {taskinstance.py:2330} INFO - Executing <Task(BranchPythonOperator): detect_drift> on 2025-11-19 20:23:38.076142+00:00
[2025-11-19T20:26:04.711+0000] {logging_mixin.py:188} WARNING - /home/airflow/.local/lib/python3.12/site-packages/airflow/task/task_runner/standard_task_runner.py:61 DeprecationWarning: This process (pid=156) is multi-threaded, use of fork() may lead to deadlocks in the child.
[2025-11-19T20:26:04.709+0000] {standard_task_runner.py:90} INFO - Running: ['airflow', 'tasks', 'run', 'predictive_pipeline_xgb', 'detect_drift', 'manual__2025-11-19T20:23:38.076142+00:00', '--job-id', '24', '--raw', '--subdir', 'DAGS_FOLDER/predictive_pipeline_dag.py', '--cfg-path', '/tmp/tmpgx_2zbcs']
[2025-11-19T20:26:04.713+0000] {standard_task_runner.py:63} INFO - Started process 173 to run task
[2025-11-19T20:26:04.713+0000] {standard_task_runner.py:91} INFO - Job 24: Subtask detect_drift
[2025-11-19T20:26:04.871+0000] {task_command.py:426} INFO - Running <TaskInstance: predictive_pipeline_xgb.detect_drift manual__2025-11-19T20:23:38.076142+00:00 [running]> on host 5142ff2df330
[2025-11-19T20:26:05.115+0000] {taskinstance.py:2648} INFO - Exporting env vars: AIRFLOW_CTX_DAG_OWNER='ml_team' AIRFLOW_CTX_DAG_ID='predictive_pipeline_xgb' AIRFLOW_CTX_TASK_ID='detect_drift' AIRFLOW_CTX_EXECUTION_DATE='2025-11-19T20:23:38.076142+00:00' AIRFLOW_CTX_TRY_NUMBER='1' AIRFLOW_CTX_DAG_RUN_ID='manual__2025-11-19T20:23:38.076142+00:00'
[2025-11-19T20:26:05.117+0000] {taskinstance.py:430} INFO - ::endgroup::
[2025-11-19T20:26:05.137+0000] {baseoperator.py:399} WARNING - BranchPythonOperator.execute cannot be called outside TaskInstance!
[2025-11-19T20:26:05.165+0000] {python.py:237} INFO - Done. Returned value was: retrain_xgb
[2025-11-19T20:26:05.166+0000] {branch.py:36} INFO - Branch into retrain_xgb
[2025-11-19T20:26:05.167+0000] {skipmixin.py:178} INFO - Following branch retrain_xgb
[2025-11-19T20:26:05.208+0000] {skipmixin.py:246} INFO - Skipping tasks [('skip_retrain', -1)]
[2025-11-19T20:26:05.321+0000] {taskinstance.py:441} INFO - ::group::Post task execution logs
[2025-11-19T20:26:05.399+0000] {taskinstance.py:1206} INFO - Marking task as SUCCESS. dag_id=predictive_pipeline_xgb, task_id=detect_drift, run_id=manual__2025-11-19T20:23:38.076142+00:00, execution_date=20251119T202338, start_date=20251119T202604, end_date=20251119T202605
[2025-11-19T20:26:05.450+0000] {local_task_job_runner.py:240} INFO - Task exited with return code 0
[2025-11-19T20:26:05.511+0000] {taskinstance.py:3498} INFO - 1 downstream tasks scheduled from follow-on schedule check
[2025-11-19T20:26:05.526+0000] {local_task_job_runner.py:222} INFO - ::endgroup::
